Usage: algokit completions install [OPTIONS]

Options:
  --shell [bash|zsh]  Specify shell to install algokit completions for.
  -h, --help          Show this message and exit.
