DEBUG: Removing source script {home}/.config/algokit/.algokit-completions.bash
AlgoKit completions not installed for bash ðŸ¤”
