DEBUG: Removing source script {home}/.config/algokit/.algokit-completions.bash
DEBUG: {home}/.bashrc not found
AlgoKit completions not installed for bash ðŸ¤”
