DEBUG: Writing source script {home}/.config/algokit/.algokit-completions.bash
DEBUG: Appending completion source to {home}/.bashrc
AlgoKit completions installed for bash ðŸŽ‰
Restart shell or run `. ~/.bashrc` to enable completions
----
profile:
----
. ~/.config/algokit/.algokit-completions.bash
