DEBUG: Failed to generate completion source. Shell completion is not supported for Bash versions older than 4.4.
ERROR: Shell completion is not supported for Bash versions older than 4.4.
