Starting deployment process on customnet network...
Project directory: {current_working_directory}
Using deploy command: echo HelloWorld
Do you want to use a dispenser account? [y/N]: N
Loaded deployment configuration.
WARNING: Failed to load network name from http://localhost due to HTTP error.
Deploying smart contracts from AlgoKit compliant repository ðŸš€
DEBUG: Running 'echo HelloWorld' in '{current_working_directory}'
echo: HelloWorld
