Do you want to use a dispenser account? [y/N]: N
No .env file found at {current_working_directory}/.env.testnet, loading default configuration for testnet.
DEBUG: HTTP Request: GET https://testnet-api.algonode.cloud/genesis "HTTP/1.1 200 OK"
Deploying smart contracts from AlgoKit compliant repository ðŸš€
DEBUG: Running 'echo HelloWorld' in '{current_working_directory}'
echo: HelloWorld
