DEBUG: No .algokit.toml file found in the project directory.
Error: Couldn't load .algokit.toml file. Ensure deploy command is specified, either via --custom-deploy-command or inside .algokit.toml file.
