No .env file found at {current_working_directory}/.env.localnet, loading default configuration for localnet.
Deploying smart contracts from AlgoKit compliant repository ðŸš€
DEBUG: Running 'echo HelloWorld' in '{current_working_directory}'
echo: HelloWorld
