Starting deployment process on localnet network...
Project directory: {current_working_directory}
Using deploy command: echo CustomCommandExecuted
No .env file found at {current_working_directory}/.env.localnet, loading default configuration for localnet.
Loaded deployment configuration.
Deploying smart contracts from AlgoKit compliant repository ðŸš€
DEBUG: Running 'echo CustomCommandExecuted' in '{current_working_directory}'
echo: CustomCommandExecuted
