Starting deployment process on mainnet network...
Project directory: {current_working_directory}
Using deploy command: echo CustomCommandExecuted
Do you want to use a dispenser account? [y/N]: N
No .env file found at {current_working_directory}/.env.mainnet, loading default configuration for mainnet.
Loaded deployment configuration.
You are about to deploy to the MainNet. Are you sure you want to continue? [y/N]: Y
Deploying smart contracts from AlgoKit compliant repository ðŸš€
DEBUG: Running 'echo CustomCommandExecuted' in '{current_working_directory}'
echo: CustomCommandExecuted
