Starting deployment process on customnet network...
Project directory: {current_working_directory}
Using deploy command: echo HelloWorld
Do you want to use a dispenser account? [y/N]: N
Error: No .env file found at {current_working_directory}/.env.customnet
