Starting deployment process on testnet network...
Project directory: {current_working_directory}
Using deploy command: echo CustomCommandExecuted
Do you want to use a dispenser account? [y/N]: N
No .env file found at {current_working_directory}/.env.testnet, loading default configuration for testnet.
Loaded deployment configuration.
Deploying smart contracts from AlgoKit compliant repository ðŸš€
DEBUG: Running 'echo CustomCommandExecuted' in '{current_working_directory}'
echo: CustomCommandExecuted
