Do you want to use a dispenser account? [y/N]: N
No .env file found at {current_working_directory}/.env.mainnet, loading default configuration for mainnet.
DEBUG: HTTP Request: GET https://mainnet-api.algonode.cloud/genesis "HTTP/1.1 200 OK"
You are about to deploy to the MainNet. Are you sure you want to continue? [y/N]: Y
Deploying smart contracts from AlgoKit compliant repository ðŸš€
DEBUG: Running 'echo HelloWorld' in '{current_working_directory}'
echo: HelloWorld
