DEBUG: No .algokit.toml file found in the project directory.
No .env or .env.{any_name}.template files found; nothing to do here, skipping bootstrap.
